// Jest Snapshot v1, https://goo.gl/fbAQLP

exports[`Table should render 1`] = `
<div>
  <table
    class="tp-c-gVqKZS tp-c-gVqKZS-ktwPXh-tableLayout-fixed"
  >
    <thead
      class="tp-c-buOltT"
    >
      <th
        class="tp-c-gSLweG"
      >
        File Name
      </th>
      <th
        class="tp-c-gSLweG"
      >
        Date Uploaded
      </th>
      <th
        class="tp-c-gSLweG"
      >
        Imported By
      </th>
      <th
        class="tp-c-gSLweG"
      >
        Import Status
      </th>
    </thead>
    <tbody
      class="tp-c-lesPJm"
    >
      <tr
        class="tp-c-buOltT"
      >
        <td
          class="tp-c-eMaKFH"
        >
          trueplan2.csv
        </td>
        <td
          class="tp-c-eMaKFH"
        >
          May 24, 2022 at 3:23pm
        </td>
        <td
          class="tp-c-eMaKFH"
        >
          Olivia Smith
        </td>
        <td
          class="tp-c-eMaKFH"
        >
          Failed
        </td>
      </tr>
    </tbody>
  </table>
</div>
`;
